kotlin version: 2.1.20
error message: java.lang.OutOfMemoryError: Java heap space
	at java.base/java.util.LinkedHashMap.newLinkedHashMap(LinkedHashMap.java:1078)
	at java.base/java.util.jar.Attributes.<init>(Attributes.java:83)
	at java.base/java.util.jar.Attributes.<init>(Attributes.java:73)
	at java.base/java.util.jar.Manifest.<init>(Manifest.java:55)
	at java.base/java.util.jar.Manifest.<init>(Manifest.java:88)
	at java.base/java.util.jar.JarFile.getManifestFromReference(JarFile.java:432)
	at java.base/java.util.jar.JarFile.getManifest(JarFile.java:405)
	at java.base/jdk.internal.loader.URLClassPath$JarLoader$2.getManifest(URLClassPath.java:853)
	at java.base/java.net.URLClassLoader.defineClass(URLClassLoader.java:491)
	at java.base/java.net.URLClassLoader$1.run(URLClassLoader.java:427)
	at java.base/java.net.URLClassLoader$1.run(URLClassLoader.java:421)
	at java.base/java.security.AccessController.executePrivileged(AccessController.java:809)
	at java.base/java.security.AccessController.doPrivileged(AccessController.java:714)
	at java.base/java.net.URLClassLoader.findClass(URLClassLoader.java:420)
	at java.base/java.lang.ClassLoader.loadClass(ClassLoader.java:593)
	at java.base/java.lang.ClassLoader.loadClass(ClassLoader.java:526)
	at com.google.devtools.ksp.KotlinSymbolProcessingCommandLineProcessor.processOption(KotlinSymbolProcessingPlugin.kt:53)
	at org.jetbrains.kotlin.cli.plugins.PluginsOptionsParserKt.processCompilerPluginOptions(PluginsOptionsParser.kt:85)
	at org.jetbrains.kotlin.cli.plugins.PluginsOptionsParserKt.processCompilerPluginsOptions(PluginsOptionsParser.kt:49)
	at org.jetbrains.kotlin.cli.jvm.plugins.PluginCliParser.processPluginOptions(PluginCliParser.kt:158)
	at org.jetbrains.kotlin.cli.jvm.plugins.PluginCliParser.loadPluginsLegacyStyle(PluginCliParser.kt:147)
	at org.jetbrains.kotlin.cli.jvm.plugins.PluginCliParser.loadPluginsSafe(PluginCliParser.kt:57)
	at org.jetbrains.kotlin.cli.common.CLICompiler.loadPlugins(CLICompiler.kt:236)
	at org.jetbrains.kotlin.cli.jvm.K2JVMCompiler.doExecute(K2JVMCompiler.kt:80)
	at org.jetbrains.kotlin.cli.jvm.K2JVMCompiler.doExecute(K2JVMCompiler.kt:36)
	at org.jetbrains.kotlin.cli.common.CLICompiler.execImpl(CLICompiler.kt:113)
	at org.jetbrains.kotlin.cli.common.CLICompiler.exec(CLICompiler.kt:337)
	at org.jetbrains.kotlin.daemon.CompileServiceImpl.compile(CompileServiceImpl.kt:1700)
	at java.base/java.lang.invoke.LambdaForm$DMH/0x000001a4c4093000.invokeInterface(LambdaForm$DMH)
	at java.base/java.lang.invoke.LambdaForm$MH/0x000001a4c4096400.invoke(LambdaForm$MH)
	at java.base/java.lang.invoke.Invokers$Holder.invokeExact_MT(Invokers$Holder)
	at java.base/jdk.internal.reflect.DirectMethodHandleAccessor.invokeImpl(DirectMethodHandleAccessor.java:157)


